---
source: crates/sdk-derive/derive-core/src/storage.rs
expression: formatted
---
impl<SDK> NestedStructTest<SDK> {
    pub const REQUIRED_SLOTS: usize = Self::calculate_required_slots();
    pub fn new(sdk: SDK, slot: fluentbase_sdk::U256, offset: u8) -> Self {
        let mut current_slot = slot;
        let mut current_offset: u8 = offset;
        let counter_layout = {
            let encoded_size = <StoragePrimitive<
                U256,
            > as fluentbase_sdk::storage::StorageLayout>::ENCODED_SIZE as u8;
            let required_slots = <StoragePrimitive<
                U256,
            > as fluentbase_sdk::storage::StorageLayout>::REQUIRED_SLOTS;
            let layout = if required_slots == 0 {
                if current_offset + encoded_size <= 32 {
                    let actual_offset = 32 - current_offset - encoded_size;
                    let result = (current_slot, actual_offset);
                    current_offset += encoded_size;
                    result
                } else {
                    current_slot = current_slot + fluentbase_sdk::U256::from(1);
                    let actual_offset = 32 - encoded_size;
                    current_offset = encoded_size;
                    (current_slot, actual_offset)
                }
            } else {
                if current_offset > 0 {
                    current_slot = current_slot + fluentbase_sdk::U256::from(1);
                    current_offset = 0;
                }
                let result = (current_slot, 0);
                current_slot = current_slot + fluentbase_sdk::U256::from(required_slots);
                current_offset = 0;
                result
            };
            layout
        };
        let config_layout = {
            let encoded_size = <Composite<
                Config,
            > as fluentbase_sdk::storage::StorageLayout>::ENCODED_SIZE as u8;
            let required_slots = <Composite<
                Config,
            > as fluentbase_sdk::storage::StorageLayout>::REQUIRED_SLOTS;
            let layout = if required_slots == 0 {
                if current_offset + encoded_size <= 32 {
                    let actual_offset = 32 - current_offset - encoded_size;
                    let result = (current_slot, actual_offset);
                    current_offset += encoded_size;
                    result
                } else {
                    current_slot = current_slot + fluentbase_sdk::U256::from(1);
                    let actual_offset = 32 - encoded_size;
                    current_offset = encoded_size;
                    (current_slot, actual_offset)
                }
            } else {
                if current_offset > 0 {
                    current_slot = current_slot + fluentbase_sdk::U256::from(1);
                    current_offset = 0;
                }
                let result = (current_slot, 0);
                current_slot = current_slot + fluentbase_sdk::U256::from(required_slots);
                current_offset = 0;
                result
            };
            layout
        };
        Self {
            sdk,
            counter: <<StoragePrimitive<
                U256,
            > as fluentbase_sdk::storage::StorageLayout>::Descriptor as fluentbase_sdk::storage::StorageDescriptor>::new(
                counter_layout.0,
                counter_layout.1,
            ),
            config: <<Composite<
                Config,
            > as fluentbase_sdk::storage::StorageLayout>::Descriptor as fluentbase_sdk::storage::StorageDescriptor>::new(
                config_layout.0,
                config_layout.1,
            ),
        }
    }
    const fn calculate_required_slots() -> usize {
        let mut current_slot: usize = 0;
        let mut current_offset: usize = 0;
        {
            let encoded_size = <StoragePrimitive<
                U256,
            > as fluentbase_sdk::storage::StorageLayout>::ENCODED_SIZE;
            let required_slots = <StoragePrimitive<
                U256,
            > as fluentbase_sdk::storage::StorageLayout>::REQUIRED_SLOTS;
            if required_slots == 0 {
                if current_offset + encoded_size <= 32 {
                    current_offset += encoded_size;
                } else {
                    current_slot += 1;
                    current_offset = encoded_size;
                }
            } else {
                if current_offset > 0 {
                    current_slot += 1;
                    current_offset = 0;
                }
                current_slot += required_slots;
                current_offset = 0;
            }
        }
        {
            let encoded_size = <Composite<
                Config,
            > as fluentbase_sdk::storage::StorageLayout>::ENCODED_SIZE;
            let required_slots = <Composite<
                Config,
            > as fluentbase_sdk::storage::StorageLayout>::REQUIRED_SLOTS;
            if required_slots == 0 {
                if current_offset + encoded_size <= 32 {
                    current_offset += encoded_size;
                } else {
                    current_slot += 1;
                    current_offset = encoded_size;
                }
            } else {
                if current_offset > 0 {
                    current_slot += 1;
                    current_offset = 0;
                }
                current_slot += required_slots;
                current_offset = 0;
            }
        }
        if current_offset > 0 { current_slot + 1 } else { current_slot }
    }
    ///Returns an accessor for the counter field
    #[inline]
    pub fn counter(
        &self,
    ) -> <StoragePrimitive<U256> as fluentbase_sdk::storage::StorageLayout>::Accessor {
        <StoragePrimitive<
            U256,
        > as fluentbase_sdk::storage::StorageLayout>::access(self.counter)
    }
    ///Returns an accessor for the config field
    #[inline]
    pub fn config(
        &self,
    ) -> <Composite<Config> as fluentbase_sdk::storage::StorageLayout>::Accessor {
        <Composite<
            Config,
        > as fluentbase_sdk::storage::StorageLayout>::access(self.config)
    }
}
