---
source: crates/sdk-derive/derive-core/src/router.rs
expression: formatted
---
#[allow(unused_imports)]
use ::fluentbase_sdk::derive::function_id;
impl<SDK: SharedAPI> App<SDK> {
    pub fn constructor(&mut self) {}
    pub fn get_value(&self) -> u32 {
        42
    }
}
pub type GetValueCallArgs = ();
#[derive(Debug, Clone, PartialEq)]
pub struct GetValueCall(pub GetValueCallArgs);
pub type GetValueReturnArgs = (u32,);
#[derive(Debug, Clone, PartialEq)]
pub struct GetValueReturn(pub GetValueReturnArgs);
const _: () = {
    impl GetValueCall {
        pub const SELECTOR: [u8; 4] = [32u8, 150u8, 82u8, 85u8];
        pub const SIGNATURE: &'static str = "getValue()";
        /// Creates a new call instance from arguments
        pub fn new(args: GetValueCallArgs) -> Self {
            Self(args)
        }
        /// Encodes with selector
        pub fn encode(&self) -> fluentbase_sdk::codec::bytes::Bytes {
            let mut buf = fluentbase_sdk::codec::bytes::BytesMut::new();
            fluentbase_sdk::codec::encoder::SolidityABI::encode(&(), &mut buf, 0)
                .expect("Failed to encode values");
            let encoded_args = buf.freeze();
            let clean_args = if fluentbase_sdk::codec::encoder::SolidityABI::<
                GetValueCallArgs,
            >::is_dynamic() {
                encoded_args[32..].to_vec()
            } else {
                encoded_args.to_vec()
            };
            Self::SELECTOR.iter().copied().chain(clean_args).collect()
        }
        /// Decodes call arguments from bytes
        pub fn decode(
            buf: &impl fluentbase_sdk::codec::bytes::Buf,
        ) -> Result<Self, fluentbase_sdk::codec::CodecError> {
            use fluentbase_sdk::codec::bytes::BufMut;
            let mut combined_buf = fluentbase_sdk::codec::bytes::BytesMut::new();
            combined_buf
                .put_slice(
                    &if fluentbase_sdk::codec::encoder::SolidityABI::<
                        GetValueCallArgs,
                    >::is_dynamic() {
                        ::fluentbase_sdk::U256::from(32).to_be_bytes::<32>().to_vec()
                    } else {
                        ::alloc::vec::Vec::new()
                    },
                );
            combined_buf.put_slice(buf.chunk());
            let args = fluentbase_sdk::codec::encoder::SolidityABI::<
                GetValueCallArgs,
            >::decode(&combined_buf.freeze(), 0)?;
            Ok(Self(args))
        }
    }
    impl ::core::ops::Deref for GetValueCall {
        type Target = GetValueCallArgs;
        fn deref(&self) -> &Self::Target {
            &self.0
        }
    }
    impl GetValueReturn {
        /// Creates a new return instance from values
        pub fn new(args: GetValueReturnArgs) -> Self {
            Self(args)
        }
        /// Encodes the return values to bytes
        pub fn encode(&self) -> fluentbase_sdk::codec::bytes::Bytes {
            let mut buf = fluentbase_sdk::codec::bytes::BytesMut::new();
            let args = self.0.clone();
            fluentbase_sdk::codec::encoder::SolidityABI::encode(&(args.0,), &mut buf, 0)
                .expect("Failed to encode values");
            let encoded_args = buf.freeze();
            let clean_args = if fluentbase_sdk::codec::encoder::SolidityABI::<
                GetValueReturnArgs,
            >::is_dynamic() {
                encoded_args[32..].to_vec()
            } else {
                encoded_args.to_vec()
            };
            clean_args.into()
        }
        /// Decodes return values from bytes
        pub fn decode(
            buf: &impl fluentbase_sdk::codec::bytes::Buf,
        ) -> Result<Self, fluentbase_sdk::codec::CodecError> {
            use fluentbase_sdk::codec::bytes::BufMut;
            let mut combined_buf = fluentbase_sdk::codec::bytes::BytesMut::new();
            combined_buf
                .put_slice(
                    &if fluentbase_sdk::codec::encoder::SolidityABI::<
                        GetValueReturnArgs,
                    >::is_dynamic() {
                        ::fluentbase_sdk::U256::from(32).to_be_bytes::<32>().to_vec()
                    } else {
                        ::alloc::vec::Vec::new()
                    },
                );
            combined_buf.put_slice(buf.chunk());
            let args = fluentbase_sdk::codec::encoder::SolidityABI::<
                GetValueReturnArgs,
            >::decode(&combined_buf.freeze(), 0)?;
            Ok(Self(args))
        }
    }
    impl ::core::ops::Deref for GetValueReturn {
        type Target = GetValueReturnArgs;
        fn deref(&self) -> &Self::Target {
            &self.0
        }
    }
};
pub type ConstructorCallArgs = ();
#[derive(Debug, Clone, PartialEq)]
pub struct ConstructorCall(pub ConstructorCallArgs);
pub type ConstructorReturnArgs = ();
#[derive(Debug, Clone, PartialEq)]
pub struct ConstructorReturn(pub ConstructorReturnArgs);
const _: () = {
    impl ConstructorCall {
        pub const SELECTOR: [u8; 4] = [0u8, 0u8, 0u8, 0u8];
        pub const SIGNATURE: &'static str = "constructor()";
        /// Creates a new call instance from arguments
        pub fn new(args: ConstructorCallArgs) -> Self {
            Self(args)
        }
        /// Encodes without selector (for constructor)
        pub fn encode(&self) -> fluentbase_sdk::codec::bytes::Bytes {
            let mut buf = fluentbase_sdk::codec::bytes::BytesMut::new();
            fluentbase_sdk::codec::encoder::SolidityABI::encode(&(), &mut buf, 0)
                .expect("Failed to encode values");
            let encoded_args = buf.freeze();
            let clean_args = if fluentbase_sdk::codec::encoder::SolidityABI::<
                ConstructorCallArgs,
            >::is_dynamic() {
                encoded_args[32..].to_vec()
            } else {
                encoded_args.to_vec()
            };
            clean_args.into()
        }
        /// Decodes call arguments from bytes
        pub fn decode(
            buf: &impl fluentbase_sdk::codec::bytes::Buf,
        ) -> Result<Self, fluentbase_sdk::codec::CodecError> {
            use fluentbase_sdk::codec::bytes::BufMut;
            let mut combined_buf = fluentbase_sdk::codec::bytes::BytesMut::new();
            combined_buf
                .put_slice(
                    &if fluentbase_sdk::codec::encoder::SolidityABI::<
                        ConstructorCallArgs,
                    >::is_dynamic() {
                        ::fluentbase_sdk::U256::from(32).to_be_bytes::<32>().to_vec()
                    } else {
                        ::alloc::vec::Vec::new()
                    },
                );
            combined_buf.put_slice(buf.chunk());
            let args = fluentbase_sdk::codec::encoder::SolidityABI::<
                ConstructorCallArgs,
            >::decode(&combined_buf.freeze(), 0)?;
            Ok(Self(args))
        }
    }
    impl ::core::ops::Deref for ConstructorCall {
        type Target = ConstructorCallArgs;
        fn deref(&self) -> &Self::Target {
            &self.0
        }
    }
    impl ConstructorReturn {
        /// Creates a new return instance from values
        pub fn new(args: ConstructorReturnArgs) -> Self {
            Self(args)
        }
        /// Encodes the return values to bytes
        pub fn encode(&self) -> fluentbase_sdk::codec::bytes::Bytes {
            let mut buf = fluentbase_sdk::codec::bytes::BytesMut::new();
            fluentbase_sdk::codec::encoder::SolidityABI::encode(&(), &mut buf, 0)
                .expect("Failed to encode values");
            let encoded_args = buf.freeze();
            let clean_args = if fluentbase_sdk::codec::encoder::SolidityABI::<
                ConstructorReturnArgs,
            >::is_dynamic() {
                encoded_args[32..].to_vec()
            } else {
                encoded_args.to_vec()
            };
            clean_args.into()
        }
        /// Decodes return values from bytes
        pub fn decode(
            buf: &impl fluentbase_sdk::codec::bytes::Buf,
        ) -> Result<Self, fluentbase_sdk::codec::CodecError> {
            use fluentbase_sdk::codec::bytes::BufMut;
            let mut combined_buf = fluentbase_sdk::codec::bytes::BytesMut::new();
            combined_buf
                .put_slice(
                    &if fluentbase_sdk::codec::encoder::SolidityABI::<
                        ConstructorReturnArgs,
                    >::is_dynamic() {
                        ::fluentbase_sdk::U256::from(32).to_be_bytes::<32>().to_vec()
                    } else {
                        ::alloc::vec::Vec::new()
                    },
                );
            combined_buf.put_slice(buf.chunk());
            let args = fluentbase_sdk::codec::encoder::SolidityABI::<
                ConstructorReturnArgs,
            >::decode(&combined_buf.freeze(), 0)?;
            Ok(Self(args))
        }
    }
    impl ::core::ops::Deref for ConstructorReturn {
        type Target = ConstructorReturnArgs;
        fn deref(&self) -> &Self::Target {
            &self.0
        }
    }
};
impl<SDK: SharedAPI> App<SDK> {
    pub fn main(&mut self) {
        let input_length = self.sdk.input_size();
        if input_length < 4 {
            panic!("insufficient input length for method selector");
        }
        let mut call_data = ::fluentbase_sdk::alloc_slice(input_length as usize);
        self.sdk.read(&mut call_data, 0);
        let (selector, params) = call_data.split_at(4);
        match [selector[0], selector[1], selector[2], selector[3]] {
            [32u8, 150u8, 82u8, 85u8] => {
                let output = self.get_value();
                let encoded_output = GetValueReturn::new((output,)).encode();
                self.sdk.write(&encoded_output);
            }
            _ => panic!("unsupported method selector"),
        }
    }
}
impl<SDK: SharedAPI> App<SDK> {
    pub fn deploy(&mut self) {
        let input_length = self.sdk.input_size();
        let mut call_data = ::fluentbase_sdk::alloc_slice(input_length as usize);
        self.sdk.read(&mut call_data, 0);
        self.constructor();
    }
}
