---
source: crates/sdk-derive/derive-core/src/codec.rs
expression: formatted
---
pub type MultiReturnCallArgs = ();
#[derive(Debug, Clone, PartialEq)]
pub struct MultiReturnCall(pub MultiReturnCallArgs);
pub type MultiReturnReturnArgs = (u64, String, bool);
#[derive(Debug, Clone, PartialEq)]
pub struct MultiReturnReturn(pub MultiReturnReturnArgs);
const _: () = {
    impl MultiReturnCall {
        pub const SELECTOR: [u8; 4] = [254u8, 184u8, 187u8, 163u8];
        pub const SIGNATURE: &'static str = "multiReturn()";
        /// Creates a new call instance from arguments
        pub fn new(args: MultiReturnCallArgs) -> Self {
            Self(args)
        }
        /// Encodes with selector
        pub fn encode(&self) -> fluentbase_sdk::codec::bytes::Bytes {
            let mut buf = fluentbase_sdk::codec::bytes::BytesMut::new();
            buf.extend_from_slice(&Self::SELECTOR);
            fluentbase_sdk::codec::encoder::SolidityABI::encode_function_args(
                    &self.0,
                    &mut buf,
                )
                .expect("Failed to encode values");
            buf.freeze()
        }
        /// Decodes call arguments from bytes
        pub fn decode(
            buf: &impl fluentbase_sdk::codec::bytes::Buf,
        ) -> Result<Self, fluentbase_sdk::codec::CodecError> {
            let args = fluentbase_sdk::codec::encoder::SolidityABI::<
                MultiReturnCallArgs,
            >::decode_function_args(buf)?;
            Ok(Self(args))
        }
    }
    impl ::core::ops::Deref for MultiReturnCall {
        type Target = MultiReturnCallArgs;
        fn deref(&self) -> &Self::Target {
            &self.0
        }
    }
    impl MultiReturnReturn {
        /// Creates a new return instance from values
        pub fn new(args: MultiReturnReturnArgs) -> Self {
            Self(args)
        }
        /// Encodes the return values to bytes
        pub fn encode(&self) -> fluentbase_sdk::codec::bytes::Bytes {
            let mut buf = fluentbase_sdk::codec::bytes::BytesMut::new();
            fluentbase_sdk::codec::encoder::SolidityABI::encode_function_args(
                    &self.0,
                    &mut buf,
                )
                .expect("Failed to encode values");
            buf.freeze()
        }
        /// Decodes return values from bytes
        pub fn decode(
            buf: &impl fluentbase_sdk::codec::bytes::Buf,
        ) -> Result<Self, fluentbase_sdk::codec::CodecError> {
            let args = fluentbase_sdk::codec::encoder::SolidityABI::<
                MultiReturnReturnArgs,
            >::decode_function_args(buf)?;
            Ok(Self(args))
        }
    }
    impl ::core::ops::Deref for MultiReturnReturn {
        type Target = MultiReturnReturnArgs;
        fn deref(&self) -> &Self::Target {
            &self.0
        }
    }
};
