---
source: crates/sdk-derive/derive-core/src/event.rs
expression: generate(input)
---
impl Message {
    /// Solidity event signature.
    pub const SIGNATURE: &'static str = "Message(address,string)";
    /// Keccak256 hash of signature, computed at compile-time.
    pub const SELECTOR: [u8; 32] = [
        129u8, 31u8, 124u8, 255u8, 10u8, 51u8, 116u8, 255u8, 103u8, 204u8, 204u8, 55u8,
        38u8, 3u8, 93u8, 52u8, 186u8, 112u8, 65u8, 14u8, 2u8, 86u8, 129u8, 138u8, 137u8,
        30u8, 77u8, 106u8, 204u8, 1u8, 216u8, 142u8,
    ];
    /// Emits this event as an EVM log.
    pub fn emit<SDK: fluentbase_sdk::SharedAPI>(
        &self,
        sdk: &mut SDK,
    ) -> Result<(), fluentbase_sdk::ExitCode> {
        let topics: [fluentbase_sdk::B256; 3usize] = [
            fluentbase_sdk::B256::new([
                129u8, 31u8, 124u8, 255u8, 10u8, 51u8, 116u8, 255u8, 103u8, 204u8, 204u8,
                55u8, 38u8, 3u8, 93u8, 52u8, 186u8, 112u8, 65u8, 14u8, 2u8, 86u8, 129u8,
                138u8, 137u8, 30u8, 77u8, 106u8, 204u8, 1u8, 216u8, 142u8,
            ]),
            {
                let topic = fluentbase_sdk::codec::encode_indexed_topic(&self.sender)
                    .expect("encode indexed field");
                match topic {
                    fluentbase_sdk::codec::IndexedTopic::Word(word) => {
                        fluentbase_sdk::B256::new(word)
                    }
                    fluentbase_sdk::codec::IndexedTopic::Preimage(preimage) => {
                        fluentbase_sdk::B256::new(SDK::keccak256(&preimage).0)
                    }
                }
            },
            {
                let topic = fluentbase_sdk::codec::encode_indexed_topic(&self.text)
                    .expect("encode indexed field");
                match topic {
                    fluentbase_sdk::codec::IndexedTopic::Word(word) => {
                        fluentbase_sdk::B256::new(word)
                    }
                    fluentbase_sdk::codec::IndexedTopic::Preimage(preimage) => {
                        fluentbase_sdk::B256::new(SDK::keccak256(&preimage).0)
                    }
                }
            },
        ];
        let data: &[u8] = &[];
        sdk.emit_log(&topics, &data).ok()
    }
}
