---
source: crates/sdk-derive/derive-core/src/codec.rs
expression: formatted
---
pub type CustomGreetingCallArgs = (String,);
#[derive(Debug, Clone, PartialEq)]
pub struct CustomGreetingCall(pub CustomGreetingCallArgs);
pub type CustomGreetingReturnArgs = (String,);
#[derive(Debug, Clone, PartialEq)]
pub struct CustomGreetingReturn(pub CustomGreetingReturnArgs);
const _: () = {
    impl CustomGreetingCall {
        pub const SELECTOR: [u8; 4] = [54u8, 184u8, 58u8, 154u8];
        pub const SIGNATURE: &'static str = "customGreeting(string)";
        /// Creates a new call instance from arguments
        pub fn new(args: CustomGreetingCallArgs) -> Self {
            Self(args)
        }
        /// Encodes with selector
        pub fn encode(&self) -> fluentbase_sdk::codec::bytes::Bytes {
            let mut buf = fluentbase_sdk::codec::bytes::BytesMut::new();
            buf.extend_from_slice(&Self::SELECTOR);
            fluentbase_sdk::codec::encoder::SolidityABI::encode_function_args(
                    &self.0,
                    &mut buf,
                )
                .expect("Failed to encode values");
            buf.freeze()
        }
        /// Decodes call arguments from bytes
        pub fn decode(
            buf: &impl fluentbase_sdk::codec::bytes::Buf,
        ) -> Result<Self, fluentbase_sdk::codec::CodecError> {
            let args = fluentbase_sdk::codec::encoder::SolidityABI::<
                CustomGreetingCallArgs,
            >::decode_function_args(buf)?;
            Ok(Self(args))
        }
    }
    impl ::core::ops::Deref for CustomGreetingCall {
        type Target = CustomGreetingCallArgs;
        fn deref(&self) -> &Self::Target {
            &self.0
        }
    }
    impl CustomGreetingReturn {
        /// Creates a new return instance from values
        pub fn new(args: CustomGreetingReturnArgs) -> Self {
            Self(args)
        }
        /// Encodes the return values to bytes
        pub fn encode(&self) -> fluentbase_sdk::codec::bytes::Bytes {
            let mut buf = fluentbase_sdk::codec::bytes::BytesMut::new();
            fluentbase_sdk::codec::encoder::SolidityABI::encode_function_args(
                    &self.0,
                    &mut buf,
                )
                .expect("Failed to encode values");
            buf.freeze()
        }
        /// Decodes return values from bytes
        pub fn decode(
            buf: &impl fluentbase_sdk::codec::bytes::Buf,
        ) -> Result<Self, fluentbase_sdk::codec::CodecError> {
            let args = fluentbase_sdk::codec::encoder::SolidityABI::<
                CustomGreetingReturnArgs,
            >::decode_function_args(buf)?;
            Ok(Self(args))
        }
    }
    impl ::core::ops::Deref for CustomGreetingReturn {
        type Target = CustomGreetingReturnArgs;
        fn deref(&self) -> &Self::Target {
            &self.0
        }
    }
};
