---
source: crates/sdk-derive/derive-core/src/event.rs
expression: generate(input)
---
impl Anonymous {
    /// Solidity event signature.
    pub const SIGNATURE: &'static str = "Anonymous(address,address,address,address)";
    /// Keccak256 hash of signature, computed at compile-time.
    pub const SELECTOR: [u8; 32] = [
        194u8, 194u8, 236u8, 190u8, 127u8, 121u8, 27u8, 225u8, 23u8, 197u8, 199u8, 131u8,
        255u8, 2u8, 181u8, 13u8, 186u8, 133u8, 102u8, 77u8, 231u8, 214u8, 68u8, 230u8,
        224u8, 184u8, 183u8, 3u8, 142u8, 236u8, 193u8, 29u8,
    ];
    /// Emits this event as an EVM log.
    pub fn emit<SDK: fluentbase_sdk::SharedAPI>(
        &self,
        sdk: &mut SDK,
    ) -> Result<(), fluentbase_sdk::ExitCode> {
        let topics: [fluentbase_sdk::B256; 4usize] = [
            {
                let topic = fluentbase_sdk::codec::encode_indexed_topic(&self.a)
                    .expect("encode indexed field");
                match topic {
                    fluentbase_sdk::codec::IndexedTopic::Word(word) => {
                        fluentbase_sdk::B256::new(word)
                    }
                    fluentbase_sdk::codec::IndexedTopic::Preimage(preimage) => {
                        fluentbase_sdk::B256::new(SDK::keccak256(&preimage).0)
                    }
                }
            },
            {
                let topic = fluentbase_sdk::codec::encode_indexed_topic(&self.b)
                    .expect("encode indexed field");
                match topic {
                    fluentbase_sdk::codec::IndexedTopic::Word(word) => {
                        fluentbase_sdk::B256::new(word)
                    }
                    fluentbase_sdk::codec::IndexedTopic::Preimage(preimage) => {
                        fluentbase_sdk::B256::new(SDK::keccak256(&preimage).0)
                    }
                }
            },
            {
                let topic = fluentbase_sdk::codec::encode_indexed_topic(&self.c)
                    .expect("encode indexed field");
                match topic {
                    fluentbase_sdk::codec::IndexedTopic::Word(word) => {
                        fluentbase_sdk::B256::new(word)
                    }
                    fluentbase_sdk::codec::IndexedTopic::Preimage(preimage) => {
                        fluentbase_sdk::B256::new(SDK::keccak256(&preimage).0)
                    }
                }
            },
            {
                let topic = fluentbase_sdk::codec::encode_indexed_topic(&self.d)
                    .expect("encode indexed field");
                match topic {
                    fluentbase_sdk::codec::IndexedTopic::Word(word) => {
                        fluentbase_sdk::B256::new(word)
                    }
                    fluentbase_sdk::codec::IndexedTopic::Preimage(preimage) => {
                        fluentbase_sdk::B256::new(SDK::keccak256(&preimage).0)
                    }
                }
            },
        ];
        let data: &[u8] = &[];
        sdk.emit_log(&topics, &data).ok()
    }
}
