---
source: crates/sdk-derive/derive-core/src/event.rs
expression: generate(input)
---
impl Approval {
    /// Solidity event signature.
    pub const SIGNATURE: &'static str = "Approval(address,address,uint256)";
    /// Keccak256 hash of signature, computed at compile-time.
    pub const SELECTOR: [u8; 32] = [
        140u8, 91u8, 225u8, 229u8, 235u8, 236u8, 125u8, 91u8, 209u8, 79u8, 113u8, 66u8,
        125u8, 30u8, 132u8, 243u8, 221u8, 3u8, 20u8, 192u8, 247u8, 178u8, 41u8, 30u8,
        91u8, 32u8, 10u8, 200u8, 199u8, 195u8, 185u8, 37u8,
    ];
    /// Emits this event as an EVM log.
    pub fn emit<SDK: fluentbase_sdk::SharedAPI>(
        &self,
        sdk: &mut SDK,
    ) -> Result<(), fluentbase_sdk::ExitCode> {
        let topics: [fluentbase_sdk::B256; 4usize] = [
            fluentbase_sdk::B256::new([
                140u8, 91u8, 225u8, 229u8, 235u8, 236u8, 125u8, 91u8, 209u8, 79u8, 113u8,
                66u8, 125u8, 30u8, 132u8, 243u8, 221u8, 3u8, 20u8, 192u8, 247u8, 178u8,
                41u8, 30u8, 91u8, 32u8, 10u8, 200u8, 199u8, 195u8, 185u8, 37u8,
            ]),
            {
                let topic = fluentbase_sdk::codec::encode_indexed_topic(&self.owner)
                    .expect("encode indexed field");
                match topic {
                    fluentbase_sdk::codec::IndexedTopic::Word(word) => {
                        fluentbase_sdk::B256::new(word)
                    }
                    fluentbase_sdk::codec::IndexedTopic::Preimage(preimage) => {
                        fluentbase_sdk::B256::new(SDK::keccak256(&preimage).0)
                    }
                }
            },
            {
                let topic = fluentbase_sdk::codec::encode_indexed_topic(&self.spender)
                    .expect("encode indexed field");
                match topic {
                    fluentbase_sdk::codec::IndexedTopic::Word(word) => {
                        fluentbase_sdk::B256::new(word)
                    }
                    fluentbase_sdk::codec::IndexedTopic::Preimage(preimage) => {
                        fluentbase_sdk::B256::new(SDK::keccak256(&preimage).0)
                    }
                }
            },
            {
                let topic = fluentbase_sdk::codec::encode_indexed_topic(&self.value)
                    .expect("encode indexed field");
                match topic {
                    fluentbase_sdk::codec::IndexedTopic::Word(word) => {
                        fluentbase_sdk::B256::new(word)
                    }
                    fluentbase_sdk::codec::IndexedTopic::Preimage(preimage) => {
                        fluentbase_sdk::B256::new(SDK::keccak256(&preimage).0)
                    }
                }
            },
        ];
        let data: &[u8] = &[];
        sdk.emit_log(&topics, &data).ok()
    }
}
