---
source: crates/sdk-derive/derive-core/src/codec.rs
expression: formatted
---
pub type NoParamsCallArgs = ();
#[derive(Debug, Clone, PartialEq)]
pub struct NoParamsCall(pub NoParamsCallArgs);
pub type NoParamsReturnArgs = ();
#[derive(Debug, Clone, PartialEq)]
pub struct NoParamsReturn(pub NoParamsReturnArgs);
const _: () = {
    impl NoParamsCall {
        pub const SELECTOR: [u8; 4] = [137u8, 81u8, 51u8, 88u8];
        pub const SIGNATURE: &'static str = "noParams()";
        /// Creates a new call instance from arguments
        pub fn new(args: NoParamsCallArgs) -> Self {
            Self(args)
        }
        /// Encodes with selector
        pub fn encode(&self) -> fluentbase_sdk::codec::bytes::Bytes {
            let mut args_buf = fluentbase_sdk::codec::bytes::BytesMut::new();
            fluentbase_sdk::codec::encoder::SolidityABI::encode_function_args(
                    &self.0,
                    &mut args_buf,
                )
                .expect("Failed to encode values");
            let mut buf = fluentbase_sdk::codec::bytes::BytesMut::new();
            buf.extend_from_slice(&Self::SELECTOR);
            buf.extend_from_slice(&args_buf);
            buf.freeze()
        }
        /// Decodes call arguments from bytes
        pub fn decode(
            buf: &impl fluentbase_sdk::codec::bytes::Buf,
        ) -> Result<Self, fluentbase_sdk::codec::CodecError> {
            let args = fluentbase_sdk::codec::encoder::SolidityABI::<
                NoParamsCallArgs,
            >::decode_function_args(buf)?;
            Ok(Self(args))
        }
    }
    impl ::core::ops::Deref for NoParamsCall {
        type Target = NoParamsCallArgs;
        fn deref(&self) -> &Self::Target {
            &self.0
        }
    }
    impl NoParamsReturn {
        /// Creates a new return instance from values
        pub fn new(args: NoParamsReturnArgs) -> Self {
            Self(args)
        }
        /// Encodes the return values to bytes
        pub fn encode(&self) -> fluentbase_sdk::codec::bytes::Bytes {
            let mut buf = fluentbase_sdk::codec::bytes::BytesMut::new();
            fluentbase_sdk::codec::encoder::SolidityABI::encode_function_args(
                    &self.0,
                    &mut buf,
                )
                .expect("Failed to encode values");
            buf.freeze()
        }
        /// Decodes return values from bytes
        pub fn decode(
            buf: &impl fluentbase_sdk::codec::bytes::Buf,
        ) -> Result<Self, fluentbase_sdk::codec::CodecError> {
            let args = fluentbase_sdk::codec::encoder::SolidityABI::<
                NoParamsReturnArgs,
            >::decode_function_args(buf)?;
            Ok(Self(args))
        }
    }
    impl ::core::ops::Deref for NoParamsReturn {
        type Target = NoParamsReturnArgs;
        fn deref(&self) -> &Self::Target {
            &self.0
        }
    }
};
