---
source: crates/sdk-derive/derive-core/src/codec.rs
expression: formatted
---
pub type EmptyReturnCallArgs = ();
#[derive(Debug, Clone, PartialEq)]
pub struct EmptyReturnCall(pub EmptyReturnCallArgs);
pub type EmptyReturnReturnArgs = ();
#[derive(Debug, Clone, PartialEq)]
pub struct EmptyReturnReturn(pub EmptyReturnReturnArgs);
const _: () = {
    impl EmptyReturnCall {
        pub const SELECTOR: [u8; 4] = [84u8, 181u8, 137u8, 63u8];
        pub const SIGNATURE: &'static str = "emptyReturn()";
        /// Creates a new call instance from arguments
        pub fn new(args: EmptyReturnCallArgs) -> Self {
            Self(args)
        }
        /// Encodes with selector
        pub fn encode(&self) -> fluentbase_sdk::codec::bytes::Bytes {
            let mut buf = fluentbase_sdk::codec::bytes::BytesMut::new();
            buf.extend_from_slice(&Self::SELECTOR);
            fluentbase_sdk::codec::encoder::SolidityABI::encode_function_args(
                    &self.0,
                    &mut buf,
                )
                .expect("Failed to encode values");
            buf.freeze()
        }
        /// Decodes call arguments from bytes
        pub fn decode(
            buf: &impl fluentbase_sdk::codec::bytes::Buf,
        ) -> Result<Self, fluentbase_sdk::codec::CodecError> {
            let args = fluentbase_sdk::codec::encoder::SolidityABI::<
                EmptyReturnCallArgs,
            >::decode_function_args(buf)?;
            Ok(Self(args))
        }
    }
    impl ::core::ops::Deref for EmptyReturnCall {
        type Target = EmptyReturnCallArgs;
        fn deref(&self) -> &Self::Target {
            &self.0
        }
    }
    impl EmptyReturnReturn {
        /// Creates a new return instance from values
        pub fn new(args: EmptyReturnReturnArgs) -> Self {
            Self(args)
        }
        /// Encodes the return values to bytes
        pub fn encode(&self) -> fluentbase_sdk::codec::bytes::Bytes {
            let mut buf = fluentbase_sdk::codec::bytes::BytesMut::new();
            fluentbase_sdk::codec::encoder::SolidityABI::encode_function_args(
                    &self.0,
                    &mut buf,
                )
                .expect("Failed to encode values");
            buf.freeze()
        }
        /// Decodes return values from bytes
        pub fn decode(
            buf: &impl fluentbase_sdk::codec::bytes::Buf,
        ) -> Result<Self, fluentbase_sdk::codec::CodecError> {
            let args = fluentbase_sdk::codec::encoder::SolidityABI::<
                EmptyReturnReturnArgs,
            >::decode_function_args(buf)?;
            Ok(Self(args))
        }
    }
    impl ::core::ops::Deref for EmptyReturnReturn {
        type Target = EmptyReturnReturnArgs;
        fn deref(&self) -> &Self::Target {
            &self.0
        }
    }
};
